================================================== 
INICIO: 01/10/2026 22:42:34,56 
================================================== 
[ACADEMICO] 
Migrador 3.0 - lote reanudable e informe de errores
[OK] Programas, columnas y buckets disponibles. No se han subido archivos.
[SIN CAMBIOS] CUARTO SEMESTRE/Analisis Financiero/Autonomo AF/Autonomo - 1 AF.md
[SIN CAMBIOS] CUARTO SEMESTRE/Analisis Financiero/Autonomo AF/Autonomo - 2 AF.pdf
[SIN CAMBIOS] CUARTO SEMESTRE/Analisis Financiero/Autonomo AF/Autonomo - 3 AF.md
[SIN CAMBIOS] CUARTO SEMESTRE/Analisis Financiero/Autonomo AF/Autonomo - 4 AF.md
[SIN CAMBIOS] CUARTO SEMESTRE/Analisis Financiero/Autonomo AF/Autonomo - 5 AF.md
[SIN CAMBIOS] CUARTO SEMESTRE/Analisis Financiero/Autonomo AF/E1M AF.md
[SIN CAMBIOS] CUARTO SEMESTRE/Analisis Financiero/Primer EMI AF/1 - Interes simple AF.pdf
[SIN CAMBIOS] CUARTO SEMESTRE/Analisis Financiero/Primer EMI AF/10 - Tasa de interes AF.md
[SIN CAMBIOS] CUARTO SEMESTRE/Analisis Financiero/Primer EMI AF/11 - Gradiente AF.md
[SIN CAMBIOS] CUARTO SEMESTRE/Analisis Financiero/Primer EMI AF/12 - Amortizacion AF.pdf
[SIN CAMBIOS] CUARTO SEMESTRE/Analisis Financiero/Primer EMI AF/13 - Periodo de gracia AF.md
[SIN CAMBIOS] CUARTO SEMESTRE/Analisis Financiero/Primer EMI AF/14 - Control y reajuste AF.md
[SIN CAMBIOS] CUARTO SEMESTRE/Analisis Financiero/Primer EMI AF/15 - Fondo de amortizacion AF.md
[SIN CAMBIOS] CUARTO SEMESTRE/Analisis Financiero/Primer EMI AF/16 - Renta variable y bonos AF.md
[SIN CAMBIOS] CUARTO SEMESTRE/Analisis Financiero/Primer EMI AF/17 - Bono e interes redituable AF.pdf
[SIN CAMBIOS] CUARTO SEMESTRE/Analisis Financiero/Primer EMI AF/18 - Interes real y primas AF.md
[SIN CAMBIOS] CUARTO SEMESTRE/Analisis Financiero/Primer EMI AF/19 - Finanzas de una empresa AF.md
[SIN CAMBIOS] CUARTO SEMESTRE/Analisis Financiero/Primer EMI AF/2 - Ecuaciones de valor AF.pdf
[SIN CAMBIOS] CUARTO SEMESTRE/Analisis Financiero/Primer EMI AF/20 - Balance general AF.md
[SIN CAMBIOS] CUARTO SEMESTRE/Analisis Financiero/Primer EMI AF/21 - Estado de resultados AF.pdf
[SIN CAMBIOS] CUARTO SEMESTRE/Analisis Financiero/Primer EMI AF/22 - Estado de flujo AF.pdf
[SIN CAMBIOS] CUARTO SEMESTRE/Analisis Financiero/Primer EMI AF/3 - Interes compuesto AF.pdf
[SIN CAMBIOS] CUARTO SEMESTRE/Analisis Financiero/Primer EMI AF/4 - Periodo AF.md
[SIN CAMBIOS] CUARTO SEMESTRE/Analisis Financiero/Primer EMI AF/5 - Descuento AF.md
[SIN CAMBIOS] CUARTO SEMESTRE/Analisis Financiero/Primer EMI AF/6 - Pagos AF.pdf
[SIN CAMBIOS] CUARTO SEMESTRE/Analisis Financiero/Primer EMI AF/7 - Anualidades AF.md
[SIN CAMBIOS] CUARTO SEMESTRE/Analisis Financiero/Primer EMI AF/8 - Valor futuro AF.md
[SIN CAMBIOS] CUARTO SEMESTRE/Analisis Financiero/Primer EMI AF/9 - Valor Presente AF.md
[SIN CAMBIOS] CUARTO SEMESTRE/Analisis Financiero/Segundo EMI AF/1- Estado de origen y apliacion de fondos AF.pdf
[SIN CAMBIOS] CUARTO SEMESTRE/Analisis Financiero/Segundo EMI AF/10 - Proyectos de inversion - 2 AF.pdf
[SIN CAMBIOS] CUARTO SEMESTRE/Analisis Financiero/Segundo EMI AF/11 - Decesiones bajo condiciones de  incertidumbre  AF.md
[SIN CAMBIOS] CUARTO SEMESTRE/Analisis Financiero/Segundo EMI AF/12 - Monte Carlo AF.md
[SIN CAMBIOS] CUARTO SEMESTRE/Analisis Financiero/Segundo EMI AF/13 - Arboles de decision AF.pdf
[SIN CAMBIOS] CUARTO SEMESTRE/Analisis Financiero/Segundo EMI AF/14 - Opciones de intercambio AF.md
[SIN CAMBIOS] CUARTO SEMESTRE/Analisis Financiero/Segundo EMI AF/2 - Medidas de desempeño AF.md
[SIN CAMBIOS] CUARTO SEMESTRE/Analisis Financiero/Segundo EMI AF/3 - Medidas de pilitica financiera AF.md
[SIN CAMBIOS] CUARTO SEMESTRE/Analisis Financiero/Segundo EMI AF/4 - Z-Score Altman AF.md
[SIN CAMBIOS] CUARTO SEMESTRE/Analisis Financiero/Segundo EMI AF/5 - Estructura de plazos AF.md
[SIN CAMBIOS] CUARTO SEMESTRE/Analisis Financiero/Segundo EMI AF/6 - Valor actual neto  -VAN AF.pdf
[SIN CAMBIOS] CUARTO SEMESTRE/Analisis Financiero/Segundo EMI AF/7 - Tasa interes redituable - TIR AF.pdf
[SIN CAMBIOS] CUARTO SEMESTRE/Analisis Financiero/Segundo EMI AF/8 - Periodo de recuperacion de inversion AF.pdf
[SIN CAMBIOS] CUARTO SEMESTRE/Analisis Financiero/Segundo EMI AF/9 - Proyectos de inversion - 1 AF.pdf
[SIN CAMBIOS] CUARTO SEMESTRE/Variable Compleja/Analiticidad/Analiticidad VC.md
[SIN CAMBIOS] CUARTO SEMESTRE/Variable Compleja/Analiticidad/Conexidad VC.md
[SIN CAMBIOS] CUARTO SEMESTRE/Variable Compleja/Analiticidad/Funcion exponencial VC.md
[SIN CAMBIOS] CUARTO SEMESTRE/Variable Compleja/Calculo Integral I/Integral curvilinea VC.md
[SIN CAMBIOS] CUARTO SEMESTRE/Variable Compleja/Calculo Integral I/Integral curvilinea en C VC.pdf
[SIN CAMBIOS] CUARTO SEMESTRE/Variable Compleja/Calculo Integral I/Teorema de Morera VC.pdf
[SIN CAMBIOS] CUARTO SEMESTRE/Variable Compleja/Calculo Integral I/Teorema de deformación de contorno VC.md
[SIN CAMBIOS] CUARTO SEMESTRE/Variable Compleja/Calculo Integral I/Teorema fundamental VC.md
[SIN CAMBIOS] CUARTO SEMESTRE/Variable Compleja/Calculo Integral II/El indice y la formula de Cauchy VC.md
[SIN CAMBIOS] CUARTO SEMESTRE/Variable Compleja/Calculo Integral II/Principio de deformacion de contornos VC.md
[SIN CAMBIOS] CUARTO SEMESTRE/Variable Compleja/Criterios Series/Criterio Cauchy-Bolzano VC.md
[SIN CAMBIOS] CUARTO SEMESTRE/Variable Compleja/Criterios Series/Criterio de comparacion VC.md
[SIN CAMBIOS] CUARTO SEMESTRE/Variable Compleja/Criterios Series/Criterio de convergencia de Dirichley y Abel VC.md
[SIN CAMBIOS] CUARTO SEMESTRE/Variable Compleja/Criterios Series/Derivacion de series de potencia VC.md
[SIN CAMBIOS] CUARTO SEMESTRE/Variable Compleja/Criterios Series/Series de numeros complejos y criterios de convergencia VC.md
[SIN CAMBIOS] CUARTO SEMESTRE/Variable Compleja/Criterios Series/Series de potencia VC.md
[SIN CAMBIOS] CUARTO SEMESTRE/Variable Compleja/Criterios Series/Tarea moral Leibniz VC.md
[SIN CAMBIOS] CUARTO SEMESTRE/Variable Compleja/Derivadas en C/Desigualdades de Cauchy VC.md
[SIN CAMBIOS] CUARTO SEMESTRE/Variable Compleja/Derivadas en C/Principio de modulo maximo VC.md
[SIN CAMBIOS] CUARTO SEMESTRE/Variable Compleja/Derivadas en C/Propiedad del valor medio VC.md
[SIN CAMBIOS] CUARTO SEMESTRE/Variable Compleja/Derivadas en C/Teorema de Liouville VC.md
[SIN CAMBIOS] CUARTO SEMESTRE/Variable Compleja/Derivadas en C/Teorema de Morera - derivadas VC.pdf
[SIN CAMBIOS] CUARTO SEMESTRE/Variable Compleja/Extension del plano complejo/Esfera de Riemann VC.md
[SIN CAMBIOS] CUARTO SEMESTRE/Variable Compleja/Extension del plano complejo/Homografias - 1 - Compactacion  del plano complejo VC.md
[SIN CAMBIOS] CUARTO SEMESTRE/Variable Compleja/Extension del plano complejo/Homografias - 2 - Compactacion  del plano complejo VC.md
[SIN CAMBIOS] CUARTO SEMESTRE/Variable Compleja/Extension del plano complejo/Mapeo conforme - trasformaciones de direcciones tangentes VC.md
[SIN CAMBIOS] CUARTO SEMESTRE/Variable Compleja/Extension del plano complejo/Transformacion de las lineas a las coordenadas VC.md
[SIN CAMBIOS] CUARTO SEMESTRE/Variable Compleja/Extension del plano complejo/Transformaciones complejas VC.md
[SIN CAMBIOS] CUARTO SEMESTRE/Variable Compleja/Extension del plano complejo/Trasformaciones de direcciones tangentes VC.md
[SIN CAMBIOS] CUARTO SEMESTRE/Variable Compleja/Holomorfa/Diferenciabilidad de funciones reales VC.pdf
[SIN CAMBIOS] CUARTO SEMESTRE/Variable Compleja/Holomorfa/Ecuaciones caracteristicas - Cauchy-Riemann VC.md
[SIN CAMBIOS] CUARTO SEMESTRE/Variable Compleja/Holomorfa/Funciones holomorfas (regulares) VC.pdf
[SIN CAMBIOS] CUARTO SEMESTRE/Variable Compleja/Series Laurent/Holomorfia y analiticidad - 1 VC.md
[SIN CAMBIOS] CUARTO SEMESTRE/Variable Compleja/Series Laurent/Holomorfia y analiticidad - 2 VC.md
[SIN CAMBIOS] CUARTO SEMESTRE/Variable Compleja/Series Laurent/Sinfonia de Cauchy VC.pdf
[SIN CAMBIOS] CUARTO SEMESTRE/Variable Compleja/Series Laurent/Teorema de Cauchy con singularidades evitables VC.md
[SIN CAMBIOS] SEGUNDO SEMESTRE/Algebra Lineal 2/Diagonalizacion/Diagonalizacion.md
[SIN CAMBIOS] SEGUNDO SEMESTRE/Algebra Lineal 2/Diagonalizacion/Ejercicio D.md
[SIN CAMBIOS] SEGUNDO SEMESTRE/Algebra Lineal 2/Diagonalizacion/Matrices Simétricas D.md
[SIN CAMBIOS] SEGUNDO SEMESTRE/Algebra Lineal 2/Diagonalizacion/Matrices.md
[SIN CAMBIOS] SEGUNDO SEMESTRE/Algebra Lineal 2/Diagonalizacion/Polinomios.md
[SIN CAMBIOS] SEGUNDO SEMESTRE/Algebra Lineal 2/Diagonalizacion/Teorema y Corolario.md
[SIN CAMBIOS] SEGUNDO SEMESTRE/Algebra Lineal 2/Diagonalizacion/Valores y vectores propios 1.md
[SIN CAMBIOS] SEGUNDO SEMESTRE/Algebra Lineal 2/Diagonalizacion/Valores y vectores propios 2.md
[SIN CAMBIOS] SEGUNDO SEMESTRE/Algebra Lineal 2/Formas Bilineales/Cambio de bases - Matrices Congruentes FB2.md
[SIN CAMBIOS] SEGUNDO SEMESTRE/Algebra Lineal 2/Formas Bilineales/Descomposicion FB3.md
[SIN CAMBIOS] SEGUNDO SEMESTRE/Algebra Lineal 2/Formas Bilineales/Formas Bilineales FB1.md
[SIN CAMBIOS] SEGUNDO SEMESTRE/Algebra Lineal 2/Formas Bilineales/Simetria y antisimetrica FB4.md
[SIN CAMBIOS] SEGUNDO SEMESTRE/Algebra Lineal 2/Formas Cuadraticas/Conjugacion  FC3.md
[SIN CAMBIOS] SEGUNDO SEMESTRE/Algebra Lineal 2/Formas Cuadraticas/Definidas FC5.md
[SIN CAMBIOS] SEGUNDO SEMESTRE/Algebra Lineal 2/Formas Cuadraticas/Ejercicios FC4.md
[SIN CAMBIOS] SEGUNDO SEMESTRE/Algebra Lineal 2/Formas Cuadraticas/Formas Cuadraticas - 1  FC1.md
[SIN CAMBIOS] SEGUNDO SEMESTRE/Algebra Lineal 2/Formas Cuadraticas/Formas Cuadraticas - 2  FC2.md
[SIN CAMBIOS] SEGUNDO SEMESTRE/Algebra Lineal 2/Funcionales Lineales/Bidual FL2.md
[SIN CAMBIOS] SEGUNDO SEMESTRE/Algebra Lineal 2/Funcionales Lineales/Funcionales Lineales FL1.md
[SIN CAMBIOS] SEGUNDO SEMESTRE/Algebra Lineal 2/Personal AL2/Autonomo - Operadores unitarios ejercicios 1.md
[SIN CAMBIOS] SEGUNDO SEMESTRE/Algebra Lineal 2/Personal AL2/Autonomo - Operadores unitarios ejercicios 2.md
[SIN CAMBIOS] SEGUNDO SEMESTRE/Algebra Lineal 2/Personal AL2/Autonomo - Teoremas Diagonalizacion.md
[SIN CAMBIOS] SEGUNDO SEMESTRE/Algebra Lineal 2/Personal AL2/Proceso de Gram Schmidt.md
[SIN CAMBIOS] SEGUNDO SEMESTRE/Algebra Lineal 2/Personal AL2/Trabajo grupal final.md
[SIN CAMBIOS] SEGUNDO SEMESTRE/Algebra Lineal 2/Personal AL2/Trabajo individual Kolman.md
[SIN CAMBIOS] SEGUNDO SEMESTRE/Algebra Lineal 2/Revalidacion de Conocimientos/Validacion 1.md
[SIN CAMBIOS] SEGUNDO SEMESTRE/Algebra Lineal 2/Revalidacion de Conocimientos/Validacion 2.md
[SIN CAMBIOS] SEGUNDO SEMESTRE/Algebra Lineal 2/Revalidacion de Conocimientos/Validacion 3.pdf
[SIN CAMBIOS] SEGUNDO SEMESTRE/Algebra Lineal 2/Revalidacion de Conocimientos/Validacion 4.pdf
[SIN CAMBIOS] SEGUNDO SEMESTRE/Algebra Lineal 2/Revalidacion de Conocimientos/Validacion 5.pdf
[SIN CAMBIOS] SEGUNDO SEMESTRE/Algebra Lineal 2/Revalidacion de Conocimientos/Validacion 6.pdf
[SIN CAMBIOS] SEGUNDO SEMESTRE/Algebra Lineal 2/Revalidacion de Conocimientos/Validacion 7.md
[SIN CAMBIOS] SEGUNDO SEMESTRE/Estructuras Algebraicas/Exposiciones y Grupales 2/Grupal 1 AL2.pdf
[SIN CAMBIOS] SEGUNDO SEMESTRE/Estructuras Algebraicas/Exposiciones y Grupales 2/Grupal 4  AL2.pdf
[SIN CAMBIOS] SEGUNDO SEMESTRE/Estructuras Algebraicas/Exposiciones y Grupales 2/Grupo 2  AL2.pdf
[SIN CAMBIOS] SEGUNDO SEMESTRE/Estructuras Algebraicas/Exposiciones y Grupales 2/Grupo 3  AL2.pdf
[SIN CAMBIOS] SEGUNDO SEMESTRE/Estructuras Algebraicas/Personal EA/Autonomo - 1 EA1.md
[SIN CAMBIOS] SEGUNDO SEMESTRE/Estructuras Algebraicas/Personal EA/Autonomo - 2 EA1.md
[SIN CAMBIOS] SEGUNDO SEMESTRE/Estructuras Algebraicas/Personal EA/Autonomo - 3 EA1.pdf
[SIN CAMBIOS] SEGUNDO SEMESTRE/Estructuras Algebraicas/Personal EA/Autonomo - 4 EA1.pdf
[SIN CAMBIOS] SEGUNDO SEMESTRE/Estructuras Algebraicas/Personal EA/Autonomo - 5 EA1.md
[SIN CAMBIOS] SEGUNDO SEMESTRE/Estructuras Algebraicas/Personal EA/Autonomo - 6 EA1.md
[SIN CAMBIOS] SEGUNDO SEMESTRE/Estructuras Algebraicas/Personal EA/Autonomo - 7 EA1.md
[SIN CAMBIOS] SEGUNDO SEMESTRE/Estructuras Algebraicas/Personal EA/Autonomo - 8 EA1.md
[SIN CAMBIOS] SEGUNDO SEMESTRE/Estructuras Algebraicas/Personal EA/Autonomo - 9 EA1.pdf
[SIN CAMBIOS] SEGUNDO SEMESTRE/Estructuras Algebraicas/Personal EA/EMI DOC JCGN.md
[SIN CAMBIOS] SEGUNDO SEMESTRE/Estructuras Algebraicas/Primer EMI EA/1 - Introduccion  EA.pdf
[SIN CAMBIOS] SEGUNDO SEMESTRE/Estructuras Algebraicas/Primer EMI EA/10 - Homomorfismo de Grupos EA.md
[SIN CAMBIOS] SEGUNDO SEMESTRE/Estructuras Algebraicas/Primer EMI EA/11 - Ejercicios homomorfismos EA.md
[SIN CAMBIOS] SEGUNDO SEMESTRE/Estructuras Algebraicas/Primer EMI EA/12 - Nucleo de un homormorfismo EA.pdf
[SIN CAMBIOS] SEGUNDO SEMESTRE/Estructuras Algebraicas/Primer EMI EA/13 - Relacion de conjugacion.pdf
[SIN CAMBIOS] SEGUNDO SEMESTRE/Estructuras Algebraicas/Primer EMI EA/14 - Propiedades relacion de conjugacion EA.pdf
[SIN CAMBIOS] SEGUNDO SEMESTRE/Estructuras Algebraicas/Primer EMI EA/15 - Ejercicios Anillos EA.md
[SIN CAMBIOS] SEGUNDO SEMESTRE/Estructuras Algebraicas/Primer EMI EA/2 - Introduccion EA.pdf
[SIN CAMBIOS] SEGUNDO SEMESTRE/Estructuras Algebraicas/Primer EMI EA/3 - Construccion de grupos y Tabla de Cayley  EA.pdf
[SIN CAMBIOS] SEGUNDO SEMESTRE/Estructuras Algebraicas/Primer EMI EA/4 - Grupos EA.pdf
[SIN CAMBIOS] SEGUNDO SEMESTRE/Estructuras Algebraicas/Primer EMI EA/5 - Subgrupos EA.md
[SIN CAMBIOS] SEGUNDO SEMESTRE/Estructuras Algebraicas/Primer EMI EA/6 - Rotaciones y reflexiones EA.md
[SIN CAMBIOS] SEGUNDO SEMESTRE/Estructuras Algebraicas/Primer EMI EA/7 - Clases Laterales EA.md
[SIN CAMBIOS] SEGUNDO SEMESTRE/Estructuras Algebraicas/Primer EMI EA/8 - Grupo Cociente EA.md
[SIN CAMBIOS] SEGUNDO SEMESTRE/Estructuras Algebraicas/Primer EMI EA/9 - Teorema de Lagrange EA.pdf
[SIN CAMBIOS] SEGUNDO SEMESTRE/Estructuras Algebraicas/Segundo EMI EA/1 - Automorfismo EA.pdf
[SIN CAMBIOS] SEGUNDO SEMESTRE/Estructuras Algebraicas/Segundo EMI EA/10 - Ideales maximales EA.md
[SIN CAMBIOS] SEGUNDO SEMESTRE/Estructuras Algebraicas/Segundo EMI EA/11 - Ejercicios ideales EA.pdf
[SIN CAMBIOS] SEGUNDO SEMESTRE/Estructuras Algebraicas/Segundo EMI EA/12 - Proposiciones ideales EA.md
[SIN CAMBIOS] SEGUNDO SEMESTRE/Estructuras Algebraicas/Segundo EMI EA/14 - Cuerpo cociente EA.pdf
[SIN CAMBIOS] SEGUNDO SEMESTRE/Estructuras Algebraicas/Segundo EMI EA/2 - Clases de conjugacion, centro y centralizador EA.md
[SIN CAMBIOS] SEGUNDO SEMESTRE/Estructuras Algebraicas/Segundo EMI EA/3 - Grupos de p-Sylow EA.md
[SIN CAMBIOS] SEGUNDO SEMESTRE/Estructuras Algebraicas/Segundo EMI EA/4 - Dinamica de conjugacion EA.md
[SIN CAMBIOS] SEGUNDO SEMESTRE/Estructuras Algebraicas/Segundo EMI EA/5 - Anillo EA.md
[SIN CAMBIOS] SEGUNDO SEMESTRE/Estructuras Algebraicas/Segundo EMI EA/6 - Ideales EA.pdf
[SIN CAMBIOS] SEGUNDO SEMESTRE/Estructuras Algebraicas/Segundo EMI EA/7 - Polinomio y grado EA.pdf
[SIN CAMBIOS] SEGUNDO SEMESTRE/Estructuras Algebraicas/Segundo EMI EA/8 - Anillo Cociente EA.md
[SIN CAMBIOS] SEGUNDO SEMESTRE/Estructuras Algebraicas/Segundo EMI EA/9 - Espacio de funciones continuas EA.pdf
[SIN CAMBIOS] SEGUNDO SEMESTRE/Probabilidad y Estadistica/Personal PyE/Autonomo - 1 PyE.md
[SIN CAMBIOS] SEGUNDO SEMESTRE/Probabilidad y Estadistica/Personal PyE/Autonomo - 2 PyE.md
[SIN CAMBIOS] SEGUNDO SEMESTRE/Probabilidad y Estadistica/Personal PyE/Autonomo - 3 PyE.md
[SIN CAMBIOS] SEGUNDO SEMESTRE/Probabilidad y Estadistica/Personal PyE/Autonomo - 4 PyE.pdf
[SIN CAMBIOS] SEGUNDO SEMESTRE/Probabilidad y Estadistica/Personal PyE/Autonomo - 5 PyE.pdf
[SIN CAMBIOS] SEGUNDO SEMESTRE/Probabilidad y Estadistica/Personal PyE/Autonomo - 6 PyE.md
[SIN CAMBIOS] SEGUNDO SEMESTRE/Probabilidad y Estadistica/Personal PyE/Autonomo - 7 PyE.md
[SIN CAMBIOS] SEGUNDO SEMESTRE/Probabilidad y Estadistica/Personal PyE/Autonomo - 8 PyE.md
[SIN CAMBIOS] SEGUNDO SEMESTRE/Probabilidad y Estadistica/Personal PyE/Autonomo - 9 PyE.md
[SIN CAMBIOS] SEGUNDO SEMESTRE/Probabilidad y Estadistica/Personal PyE/Compilado PyE.pdf
[SIN CAMBIOS] SEGUNDO SEMESTRE/Probabilidad y Estadistica/Primer EMI PyE/1 - Primeras definiciones PyE.md
[SIN CAMBIOS] SEGUNDO SEMESTRE/Probabilidad y Estadistica/Primer EMI PyE/2 - Definiciones PyE.md
[SIN CAMBIOS] SEGUNDO SEMESTRE/Probabilidad y Estadistica/Primer EMI PyE/2.1 Ejercicio basico PyE.md
[SIN CAMBIOS] SEGUNDO SEMESTRE/Probabilidad y Estadistica/Primer EMI PyE/3 - Sturges, frecuencias y coeficientes PyE.md
[SIN CAMBIOS] SEGUNDO SEMESTRE/Probabilidad y Estadistica/Primer EMI PyE/4 - Ejercicios acumulado PyE.pdf
[SIN CAMBIOS] SEGUNDO SEMESTRE/Probabilidad y Estadistica/Primer EMI PyE/5 - Espacio de probabilidades.md
[SIN CAMBIOS] SEGUNDO SEMESTRE/Probabilidad y Estadistica/Primer EMI PyE/6 - Propiedades y conteo PyE.md
[SIN CAMBIOS] SEGUNDO SEMESTRE/Probabilidad y Estadistica/Primer EMI PyE/7 - Probabilidad total PyE.md
[SIN CAMBIOS] SEGUNDO SEMESTRE/Probabilidad y Estadistica/Segundo EMI PyE/1 - Modelos discretos PyE.md
[SIN CAMBIOS] SEGUNDO SEMESTRE/Probabilidad y Estadistica/Segundo EMI PyE/2 - Variables aleatorias discretas VAD PyE.md
[SIN CAMBIOS] SEGUNDO SEMESTRE/Probabilidad y Estadistica/Segundo EMI PyE/3 - Variables aleatorias continuas VAC PyE.pdf
[SIN CAMBIOS] SEGUNDO SEMESTRE/Probabilidad y Estadistica/Segundo EMI PyE/4 - Distribuciones VAC PyE.pdf
[SIN CAMBIOS] SEGUNDO SEMESTRE/Probabilidad y Estadistica/Segundo EMI PyE/5 - Distribuciones VAD PyE.md
[SIN CAMBIOS] TERCER SEMESTRE/Analisis 3/Compacidad/Compacidad y funciones continuas A3.md
[SIN CAMBIOS] TERCER SEMESTRE/Analisis 3/Compacidad/El cojunto de Cantor no es conexo A3.md
[SIN CAMBIOS] TERCER SEMESTRE/Analisis 3/Compacidad/Espacio localmente compacto A3.md
[SIN CAMBIOS] TERCER SEMESTRE/Analisis 3/Derivadas Parciales/Derivada direccional A3.md
[SIN CAMBIOS] TERCER SEMESTRE/Analisis 3/Derivadas Parciales/Diferenciabilidad A3.md
[SIN CAMBIOS] TERCER SEMESTRE/Analisis 3/Derivadas Parciales/Ejercicios Derivadas Parciales A3.pdf
[SIN CAMBIOS] TERCER SEMESTRE/Analisis 3/Derivadas Parciales/Regla de la Cadena A3.md
[SIN CAMBIOS] TERCER SEMESTRE/Analisis 3/Gradiente/Aproximación linean al calculo diferencial local A3.md
[SIN CAMBIOS] TERCER SEMESTRE/Analisis 3/Gradiente/Diferencial - Funcion A3.md
[SIN CAMBIOS] TERCER SEMESTRE/Analisis 3/Gradiente/Extremos sin restricciones A3.md
[SIN CAMBIOS] TERCER SEMESTRE/Analisis 3/Gradiente/Funcion implicita A3.pdf
[SIN CAMBIOS] TERCER SEMESTRE/Analisis 3/Gradiente/Gradiente de una funcion A3.md
[SIN CAMBIOS] TERCER SEMESTRE/Analisis 3/Gradiente/Lagrangiano en Optimizacion A3.pdf
[SIN CAMBIOS] TERCER SEMESTRE/Analisis 3/Limites dobles/Limites dobles y continuidad A3.md
[SIN CAMBIOS] TERCER SEMESTRE/Analisis 3/Personal A3/Autonomo A3.md
[SIN CAMBIOS] TERCER SEMESTRE/Analisis 3/Personal A3/Ejercicios A3.pdf
[SIN CAMBIOS] TERCER SEMESTRE/Analisis 3/Personal A3/Ejercicios FVV A3.pdf
[SIN CAMBIOS] TERCER SEMESTRE/Analisis 3/Personal A3/Ejercicios sucesiones de funciones A3.pdf
[SIN CAMBIOS] TERCER SEMESTRE/Analisis 3/Personal A3/Notas Topologia A3.pdf
[SIN CAMBIOS] TERCER SEMESTRE/Analisis 3/Personal A3/Taller final A3.md
[SIN CAMBIOS] TERCER SEMESTRE/Base de Datos/Archivos BD/Business Rules BD.pdf
[SIN CAMBIOS] TERCER SEMESTRE/Base de Datos/Archivos BD/Levantamiento de negocio BD.pdf
[SIN CAMBIOS] TERCER SEMESTRE/Base de Datos/Archivos BD/Normalizacion expo BD.pdf
[SIN CAMBIOS] TERCER SEMESTRE/Base de Datos/Notas BD/Notas - 1 BD.pdf
[SIN CAMBIOS] TERCER SEMESTRE/Base de Datos/Notas BD/Notas - 2 BD.md
[SIN CAMBIOS] TERCER SEMESTRE/Base de Datos/Notas BD/Notas - 3 BD.md
[SIN CAMBIOS] TERCER SEMESTRE/Base de Datos/Notas BD/Notas - 4 BD.md
[SIN CAMBIOS] TERCER SEMESTRE/Base de Datos/Notas BD/Notas - 5 BD.md
[SIN CAMBIOS] TERCER SEMESTRE/Base de Datos/Personal BD/Autonomo - 1 BD.pdf
[SIN CAMBIOS] TERCER SEMESTRE/Base de Datos/Personal BD/Autonomo - 2 BD.md
[SIN CAMBIOS] TERCER SEMESTRE/Base de Datos/Personal BD/Autonomo - 3 BD.md
[SIN CAMBIOS] TERCER SEMESTRE/Ecuaciones Diferenciales Ordinarias/EDO Teorico Grado 1/Ecuacion de Bernoulli EDO.pdf
[SIN CAMBIOS] TERCER SEMESTRE/Ecuaciones Diferenciales Ordinarias/EDO Teorico Grado 1/Ecuacion de Riccati EDO.md
[SIN CAMBIOS] TERCER SEMESTRE/Ecuaciones Diferenciales Ordinarias/EDO Teorico Grado 1/Ecuacion de ordenes superiores EDO.md
[SIN CAMBIOS] TERCER SEMESTRE/Ecuaciones Diferenciales Ordinarias/EDO Teorico Grado 1/Ecuacion exacta EDO.pdf
[SIN CAMBIOS] TERCER SEMESTRE/Ecuaciones Diferenciales Ordinarias/EDO Teorico Grado 1/Ecuacion homogeneas EDO.md
[SIN CAMBIOS] TERCER SEMESTRE/Ecuaciones Diferenciales Ordinarias/EDO Teorico Grado 1/Ecuacion lineal de primer orden -Factor integrante EDO.pdf
[SIN CAMBIOS] TERCER SEMESTRE/Ecuaciones Diferenciales Ordinarias/EDO Teorico Grado 1/Ecuacion variables separables EDO.md
[SIN CAMBIOS] TERCER SEMESTRE/Ecuaciones Diferenciales Ordinarias/EDO Teorico Grado 1/Factor integrante - De no exacta a exacta EDO.pdf
[SIN CAMBIOS] TERCER SEMESTRE/Ecuaciones Diferenciales Ordinarias/EDO Teorico Grado 1/Reducción de Orden EDO.md
[SIN CAMBIOS] TERCER SEMESTRE/Ecuaciones Diferenciales Ordinarias/EDO Teorico Grado 2/Ecuacion homogenea - Combinacion lineal de soluciones independientes EDO.pdf
[SIN CAMBIOS] TERCER SEMESTRE/Ecuaciones Diferenciales Ordinarias/EDO Teorico Grado 2/Ecuaciones lineales EDO.pdf
[SIN CAMBIOS] TERCER SEMESTRE/Ecuaciones Diferenciales Ordinarias/EDO Teorico Grado 2/Ecuaciones segundo orden EDO.pdf
[SIN CAMBIOS] TERCER SEMESTRE/Ecuaciones Diferenciales Ordinarias/EDO Virtual Notas/Metodo de sustitucion EDO.md
[SIN CAMBIOS] TERCER SEMESTRE/Ecuaciones Diferenciales Ordinarias/EDO Virtual Notas/Metodo de variacion de parametros EDO.pdf
[SIN CAMBIOS] TERCER SEMESTRE/Ecuaciones Diferenciales Ordinarias/Proyectos Finales/Análisis dinámico de un circuito RLC serie EDO.md
[SIN CAMBIOS] TERCER SEMESTRE/Ecuaciones Diferenciales Ordinarias/Proyectos Finales/Estudio del Fenómeno de Resonancia Mecánica EDO.md
[SIN CAMBIOS] TERCER SEMESTRE/Ecuaciones Diferenciales Ordinarias/Proyectos Finales/Modelación aerodinámica no estacionaria del coeficiente de sustentación EDO.md
[SIN CAMBIOS] TERCER SEMESTRE/Ecuaciones Diferenciales Ordinarias/Proyectos Finales/Modelación de sistemas de enfriamiento mediante Bernoulli EDO.md
[SIN CAMBIOS] TERCER SEMESTRE/Ecuaciones Diferenciales Ordinarias/Tareas EDO/Autonomo - 1 EDO.pdf
[SIN CAMBIOS] TERCER SEMESTRE/Ecuaciones Diferenciales Ordinarias/Tareas EDO/Autonomo - 2 EDO.md
[SIN CAMBIOS] TERCER SEMESTRE/Ecuaciones Diferenciales Ordinarias/Tareas EDO/Autonomo - 3 EDO.md
[SIN CAMBIOS] TERCER SEMESTRE/Ecuaciones Diferenciales Ordinarias/Tareas EDO/Autonomo - 4 EDO.md
[SIN CAMBIOS] TERCER SEMESTRE/Ecuaciones Diferenciales Ordinarias/Tareas EDO/Autonomo - 5 EDO.md
[SIN CAMBIOS] TERCER SEMESTRE/Ecuaciones Diferenciales Ordinarias/Tareas EDO/Grupal EDO.pdf
[SIN CAMBIOS] TERCER SEMESTRE/Ecuaciones Diferenciales Ordinarias/Tareas EDO/Primera parte - Capitulo 1 EDO.pdf
[SIN CAMBIOS] TERCER SEMESTRE/Ecuaciones Diferenciales Ordinarias/Tareas EDO/Segunda parte - Capitulo 2 EDO.pdf
[INCREMENTAL] 2 archivos requieren sincronizacion.
[LOTE] Procesando solamente 2 archivos.

[1/2] CUARTO SEMESTRE/Variable Compleja/Extension del plano complejo/Derivada compleja como semajanza VC.pdf
[SUBIDO] Derivada compleja como semajanza VC.pdf | document_id=17a06fa9-0d2f-485d-881f-96f3b7867d85

[2/2] SEGUNDO SEMESTRE/Estructuras Algebraicas/Segundo EMI EA/13 - Teorema Ideales maximales EA.pdf
[SUBIDO] 13 - Teorema Ideales maximales EA.pdf | document_id=588f0d53-8a8c-4108-864b-a80b66fff5f9
[OK] Sincronizacion academica terminada. 
 
[LIBROS] 
Iniciando escaneo en: C:\Users\USUARIO\Desktop\Andre\Libros
Se encontraron 42 archivo(s). Subiendo a 'repository-books'...

Subiendo: Analisis Funcional.pdf ... [OK]
Subiendo: Linear Algebra for Data Science.pdf ... [OK]
Subiendo: Multivarible calculus.pdf ... [OK]
Subiendo: Analisis financiero L/Fundamentos-de-Finanzas-Corporativas_compressed.pdf ... [OK]
Subiendo: Analisis financiero L/MATEMATICAS-FINANCIERAS_DIAZ-AGUILERA.pdf ... [OK]
Subiendo: Analisis financiero L/Monto Tabla.xlsx ... [OK]
Subiendo: Analisis financiero L/RATIOSFINANCIEROSYMATEMATICASDELAMER.pdf ... [OK]
Subiendo: Analisis financiero L/VII y VIII SIMMAC.pdf ... [ERROR 400] No se pudo subir Analisis financiero L/VII y VIII SIMMAC.pdf: {"statusCode":"413","error":"Payload too large","message":"The object exceeded the maximum allowed size","code":"EntityTooLarge"}
Subiendo: Analisis financiero L/Villalobos-J_Matematicas_financieras.pdf ... [OK]
Subiendo: Estructuras Algebraicas y Algebra Abstracta/(Nuova biblioteca di cultura scientifica) Israel N. Herstein, Antonio Machí - Algebra-Editori Riuniti (1999).pdf ... [ERROR 400] No se pudo subir Estructuras Algebraicas y Algebra Abstracta/(Nuova biblioteca di cultura scientifica) Israel N. Herstein, Antonio Machí - Algebra-Editori Riuniti (1999).pdf: {"statusCode":"400","error":"InvalidKey","message":"Invalid key: Estructuras Algebraicas y Algebra Abstracta/(Nuova biblioteca di cultura scientifica) Israel N. Herstein, Antonio Machí - Algebra-Editori Riuniti (1999).pdf","code":"InvalidKey"}
Subiendo: Estructuras Algebraicas y Algebra Abstracta/(Projeto Euclides) Adilson Gonçalves - Introdução à Álgebra-IMPA (2017).pdf ... [ERROR 400] No se pudo subir Estructuras Algebraicas y Algebra Abstracta/(Projeto Euclides) Adilson Gonçalves - Introdução à Álgebra-IMPA (2017).pdf: {"statusCode":"400","error":"InvalidKey","message":"Invalid key: Estructuras Algebraicas y Algebra Abstracta/(Projeto Euclides) Adilson Gonçalves - Introdução à Álgebra-IMPA (2017).pdf","code":"InvalidKey"}
Subiendo: Estructuras Algebraicas y Algebra Abstracta/1120-AC-Basica.Texto.pdf ... [OK]
Subiendo: Estructuras Algebraicas y Algebra Abstracta/2019  Contemporary+Abstract+Algebra-7.pdf ... [OK]
Subiendo: Estructuras Algebraicas y Algebra Abstracta/3AritModular.pdf ... [OK]
Subiendo: Estructuras Algebraicas y Algebra Abstracta/Anillos 2.pdf ... [OK]
Subiendo: Estructuras Algebraicas y Algebra Abstracta/Anillos.pdf ... [OK]
Subiendo: Estructuras Algebraicas y Algebra Abstracta/ArtinAlgebra.pdf ... [OK]
Subiendo: Estructuras Algebraicas y Algebra Abstracta/David S. Dummit, Richard M. Foote - Abstract Algebra-Wiley (2004).pdf ... [OK]
Subiendo: Estructuras Algebraicas y Algebra Abstracta/Estructuras_algebraicas_DR_JuanGarcia.pdf ... [OK]
Subiendo: Estructuras Algebraicas y Algebra Abstracta/Fraleigh, John B. - A first course in abstract algebra-Pearson (2014).pdf ... [OK]
Subiendo: Estructuras Algebraicas y Algebra Abstracta/I.N. Herstein - Abstract Algebra-John Wiley and Sons (1996).pdf ... [OK]
Subiendo: Estructuras Algebraicas y Algebra Abstracta/Maximal.pdf ... [OK]
Subiendo: Estructuras Algebraicas y Algebra Abstracta/symmetry-a-mathematical-exploration-2nbsped-3030516687-9783030516680_compress.pdf ... [OK]
Subiendo: Estructuras Algebraicas y Algebra Abstracta/Visual-group-theory.pdf ... [OK]
Subiendo: Probabilidad y Estadistica/03 Probabilidad.pdf ... [OK]
Subiendo: Probabilidad y Estadistica/05 Va continuas.pdf ... [OK]
Subiendo: Probabilidad y Estadistica/ABC.pdf ... [OK]
Subiendo: Probabilidad y Estadistica/LI OFICIAL [Wackerly,Mendenhall,Scheaffer]Estadistica_Matematica_con_Aplicaciones (2).pdf ... [ERROR 400] No se pudo subir Probabilidad y Estadistica/LI OFICIAL [Wackerly,Mendenhall,Scheaffer]Estadistica_Matematica_con_Aplicaciones (2).pdf: {"statusCode":"400","error":"InvalidKey","message":"Invalid key: Probabilidad y Estadistica/LI OFICIAL [Wackerly,Mendenhall,Scheaffer]Estadistica_Matematica_con_Aplicaciones (2).pdf","code":"InvalidKey"}
Subiendo: Probabilidad y Estadistica/Probabilidad y Estadistica para Ingenieria y Ciencias - Jay Devore - Septima Edicion.pdf ... [OK]
Subiendo: Probabilidad y Estadistica/PTE5_011119.pdf ... [OK]
Subiendo: Probabilidad y Estadistica/tablasdoblesnormal.pdf ... [OK]
Subiendo: Programacion L/advances-in-financial-machine-learning.pdf ... [OK]
Subiendo: Programacion L/Applied differential equations with boundary value problems.pdf ... [OK]
Subiendo: Programacion L/Bases de Datos.pdf ... [OK]
Subiendo: Programacion L/ebook-patrones-de-velas-japonesas.pdf ... [OK]
Subiendo: Programacion L/luciano-ramalho-fluent-python_-clear-concise-and-effective-programming-oreilly-media-2022.pdf ... [OK]
Subiendo: Programacion L/Manual-de-chartismo_Ferran-Gallofre.pdf ... [OK]
Subiendo: Programacion L/Python-for-Data-Analysis.pdf ... [OK]
Subiendo: Programacion L/pythoncrashcourse.pdf ... [OK]
Subiendo: Variable Compleja/Complex Variables-640 Fully solved Problems.pdf ... [OK]
Subiendo: Variable Compleja/Real and Complex Analysis Third Edition (Walter Rudin) (Z-Library).pdf ... [OK]
Subiendo: Variable Compleja/The Laplace transform-An introduction.pdf ... [OK]

Proceso finalizado: 38/42 archivos subidos correctamente.
[OK] Sincronizacion de libros terminada. 
FIN: 01/10/2026 22:44:12,21 
 
